server.ts(39,4): error TS1128: Declaration or statement expected.
server.ts(42,2): error TS1005: 'try' expected.
server.ts(89,5): error TS1005: ',' expected.
server.ts(127,3): error TS1005: ',' expected.
server.ts(157,3): error TS1005: ',' expected.
server.ts(318,2): error TS1005: 'try' expected.
server.ts(322,4): error TS1128: Declaration or statement expected.
server.ts(338,2): error TS1005: 'try' expected.
server.ts(342,4): error TS1128: Declaration or statement expected.
server.ts(373,3): error TS1128: Declaration or statement expected.
server.ts(409,5): error TS1005: ',' expected.
server.ts(423,5): error TS1005: ',' expected.
server.ts(456,7): error TS1005: ',' expected.
server.ts(465,5): error TS1005: ',' expected.
server.ts(474,7): error TS1005: ',' expected.
server.ts(497,5): error TS1005: ',' expected.
server.ts(511,5): error TS1005: ',' expected.
server.ts(534,5): error TS1005: ',' expected.
server.ts(544,3): error TS1005: ',' expected.
server.ts(546,2): error TS1005: 'try' expected.
server.ts(550,4): error TS1128: Declaration or statement expected.
server.ts(584,3): error TS1005: ',' expected.
server.ts(591,3): error TS1005: ',' expected.
server.ts(592,2): error TS1005: 'try' expected.
server.ts(596,4): error TS1128: Declaration or statement expected.
server.ts(625,3): error TS1136: Property assignment expected.
server.ts(643,3): error TS1005: ',' expected.
server.ts(644,2): error TS1005: 'try' expected.
server.ts(648,4): error TS1128: Declaration or statement expected.
server.ts(682,3): error TS1136: Property assignment expected.
server.ts(700,3): error TS1005: ',' expected.
server.ts(701,2): error TS1005: 'try' expected.
server.ts(705,4): error TS1128: Declaration or statement expected.
server.ts(731,1): error TS1005: ',' expected.
server.ts(734,4): error TS1128: Declaration or statement expected.
server.ts(767,1): error TS1005: ',' expected.
server.ts(770,4): error TS1128: Declaration or statement expected.
server.ts(785,4): error TS1128: Declaration or statement expected.
server.ts(787,4): error TS1128: Declaration or statement expected.
server.ts(797,8): error TS1128: Declaration or statement expected.
server.ts(809,2): error TS1005: 'try' expected.
server.ts(828,1): error TS1005: ',' expected.
server.ts(852,1): error TS1005: ',' expected.
server.ts(905,4): error TS1128: Declaration or statement expected.
server.ts(932,1): error TS1005: ',' expected.
server.ts(936,4): error TS1128: Declaration or statement expected.
server.ts(960,1): error TS1005: ',' expected.
server.ts(967,4): error TS1128: Declaration or statement expected.
server.ts(984,4): error TS1128: Declaration or statement expected.
server.ts(1015,3): error TS1005: ',' expected.
server.ts(1027,1): error TS1005: ',' expected.
server.ts(1028,4): error TS1128: Declaration or statement expected.
server.ts(1048,4): error TS1128: Declaration or statement expected.
server.ts(1070,2): error TS1005: 'try' expected.
server.ts(1081,5): error TS1005: ',' expected.
server.ts(1088,3): error TS1005: ',' expected.
server.ts(1113,5): error TS1005: ',' expected.
server.ts(1135,7): error TS1005: ',' expected.
server.ts(1145,7): error TS1005: ',' expected.
server.ts(1150,8): error TS1005: 'try' expected.
server.ts(1166,9): error TS1005: ',' expected.
server.ts(1167,8): error TS1005: 'try' expected.
server.ts(1171,4): error TS1005: 'try' expected.
server.ts(1177,6): error TS1005: 'try' expected.
server.ts(1191,3): error TS1005: ',' expected.
server.ts(1212,7): error TS1136: Property assignment expected.
server.ts(1225,5): error TS1005: ',' expected.
server.ts(1226,4): error TS1005: 'try' expected.
server.ts(1232,4): error TS1128: Declaration or statement expected.
server.ts(1250,4): error TS1128: Declaration or statement expected.
server.ts(1270,4): error TS1128: Declaration or statement expected.
server.ts(1301,4): error TS1128: Declaration or statement expected.
server.ts(1326,4): error TS1128: Declaration or statement expected.
server.ts(1351,4): error TS1128: Declaration or statement expected.
server.ts(1376,5): error TS1136: Property assignment expected.
server.ts(1380,4): error TS1128: Declaration or statement expected.
server.ts(1408,4): error TS1128: Declaration or statement expected.
server.ts(1442,4): error TS1128: Declaration or statement expected.
server.ts(1461,2): error TS1128: Declaration or statement expected.
server.ts(1471,4): error TS1128: Declaration or statement expected.
server.ts(1483,2): error TS1128: Declaration or statement expected.
server.ts(1494,4): error TS1128: Declaration or statement expected.
server.ts(1516,3): error TS1005: ',' expected.
server.ts(1523,2): error TS1005: 'try' expected.
server.ts(1526,4): error TS1128: Declaration or statement expected.
server.ts(1542,4): error TS1128: Declaration or statement expected.
server.ts(1576,2): error TS1005: 'try' expected.
server.ts(1580,4): error TS1128: Declaration or statement expected.
server.ts(1619,3): error TS1005: ',' expected.
server.ts(1626,2): error TS1005: 'try' expected.
server.ts(1629,4): error TS1128: Declaration or statement expected.
server.ts(1649,4): error TS1128: Declaration or statement expected.
server.ts(1669,4): error TS1128: Declaration or statement expected.
server.ts(1684,4): error TS1128: Declaration or statement expected.
server.ts(1700,4): error TS1128: Declaration or statement expected.
server.ts(1711,2): error TS1128: Declaration or statement expected.
server.ts(1715,2): error TS1128: Declaration or statement expected.
server.ts(1722,4): error TS1128: Declaration or statement expected.
server.ts(1734,2): error TS1128: Declaration or statement expected.
server.ts(1738,2): error TS1128: Declaration or statement expected.
server.ts(1744,1): error TS1005: ',' expected.
server.ts(1747,4): error TS1128: Declaration or statement expected.
server.ts(1765,2): error TS1128: Declaration or statement expected.
server.ts(1774,4): error TS1128: Declaration or statement expected.
server.ts(1788,4): error TS1128: Declaration or statement expected.
server.ts(1809,1): error TS1005: ',' expected.
server.ts(1813,4): error TS1128: Declaration or statement expected.
server.ts(1857,5): error TS1136: Property assignment expected.
server.ts(1868,5): error TS1136: Property assignment expected.
server.ts(1870,5): error TS1128: Declaration or statement expected.
server.ts(1878,5): error TS1136: Property assignment expected.
server.ts(1888,5): error TS1136: Property assignment expected.
server.ts(1892,1): error TS1128: Declaration or statement expected.
server.ts(1895,4): error TS1128: Declaration or statement expected.
server.ts(1919,5): error TS1136: Property assignment expected.
server.ts(1922,2): error TS1005: 'try' expected.
server.ts(1983,5): error TS1005: ',' expected.
server.ts(2003,1): error TS1005: ',' expected.
server.ts(2011,4): error TS1128: Declaration or statement expected.
server.ts(2019,2): error TS1005: 'try' expected.
server.ts(2022,4): error TS1128: Declaration or statement expected.
server.ts(2029,2): error TS1005: 'try' expected.
server.ts(2032,4): error TS1128: Declaration or statement expected.
server.ts(2045,2): error TS1005: 'try' expected.
server.ts(2048,4): error TS1128: Declaration or statement expected.
server.ts(2061,2): error TS1005: 'try' expected.
server.ts(2064,4): error TS1128: Declaration or statement expected.
server.ts(2071,2): error TS1005: 'try' expected.
server.ts(2074,4): error TS1128: Declaration or statement expected.
server.ts(2083,4): error TS1005: 'try' expected.
server.ts(2092,2): error TS1005: 'try' expected.
server.ts(2095,4): error TS1128: Declaration or statement expected.
server.ts(2109,3): error TS1136: Property assignment expected.
server.ts(2116,2): error TS1005: 'try' expected.
server.ts(2119,4): error TS1128: Declaration or statement expected.
server.ts(2143,4): error TS1005: 'try' expected.
server.ts(2158,6): error TS1005: ';' expected.
server.ts(2160,7): error TS1131: Property or signature expected.
server.ts(2168,5): error TS1136: Property assignment expected.
server.ts(2182,7): error TS1136: Property assignment expected.
server.ts(2206,5): error TS1136: Property assignment expected.
server.ts(2219,7): error TS1136: Property assignment expected.
server.ts(2228,7): error TS1136: Property assignment expected.
server.ts(2239,5): error TS1136: Property assignment expected.
server.ts(2248,5): error TS1136: Property assignment expected.
server.ts(2257,3): error TS1136: Property assignment expected.
server.ts(2258,2): error TS1005: 'try' expected.
server.ts(2262,3): error TS1005: ',' expected.
server.ts(2264,4): error TS1128: Declaration or statement expected.
server.ts(2302,3): error TS1005: ',' expected.
server.ts(2303,2): error TS1005: 'try' expected.
server.ts(2307,4): error TS1128: Declaration or statement expected.
server.ts(2361,5): error TS1005: ',' expected.
server.ts(2362,3): error TS1128: Declaration or statement expected.
server.ts(2365,2): error TS1005: 'try' expected.
server.ts(2369,4): error TS1128: Declaration or statement expected.
server.ts(2392,3): error TS1136: Property assignment expected.
server.ts(2393,1): error TS1128: Declaration or statement expected.
server.ts(2428,4): error TS1128: Declaration or statement expected.
server.ts(2485,5): error TS1005: ',' expected.
server.ts(2486,3): error TS1128: Declaration or statement expected.
server.ts(2489,2): error TS1005: 'try' expected.
server.ts(2493,4): error TS1128: Declaration or statement expected.
server.ts(2502,2): error TS1005: 'try' expected.
server.ts(2510,1): error TS1005: ',' expected.
server.ts(2513,4): error TS1128: Declaration or statement expected.
server.ts(2540,3): error TS1005: ',' expected.
server.ts(2551,5): error TS1005: ',' expected.
server.ts(2562,7): error TS1005: ',' expected.
server.ts(2575,3): error TS1005: ',' expected.
server.ts(2578,2): error TS1005: 'try' expected.
server.ts(2584,6): error TS1005: 'try' expected.
server.ts(2590,4): error TS1128: Declaration or statement expected.
server.ts(2613,1): error TS1005: ',' expected.
server.ts(2625,1): error TS1005: ',' expected.
server.ts(2628,4): error TS1128: Declaration or statement expected.
server.ts(2644,3): error TS1005: ',' expected.
server.ts(2653,4): error TS1128: Declaration or statement expected.
server.ts(2666,3): error TS1136: Property assignment expected.
server.ts(2674,1): error TS1005: ',' expected.
server.ts(2709,1): error TS1005: ',' expected.
server.ts(2712,4): error TS1128: Declaration or statement expected.
server.ts(2722,1): error TS1005: ',' expected.
server.ts(2731,1): error TS1005: ',' expected.
server.ts(2746,4): error TS1128: Declaration or statement expected.
server.ts(2762,3): error TS1005: ',' expected.
server.ts(2763,1): error TS1128: Declaration or statement expected.
server.ts(2785,3): error TS1005: ',' expected.
server.ts(2798,4): error TS1128: Declaration or statement expected.
server.ts(2812,4): error TS1128: Declaration or statement expected.
server.ts(2828,1): error TS1005: ',' expected.
server.ts(2845,3): error TS1005: ',' expected.
server.ts(2857,1): error TS1005: ',' expected.
server.ts(2858,4): error TS1128: Declaration or statement expected.
server.ts(2868,12): error TS1005: ',' expected.
server.ts(2878,1): error TS1005: ',' expected.
server.ts(2891,1): error TS1005: ',' expected.
server.ts(2894,4): error TS1128: Declaration or statement expected.
server.ts(2931,5): error TS1005: ',' expected.
server.ts(2949,7): error TS1005: ',' expected.
server.ts(2963,7): error TS1005: ',' expected.
server.ts(2989,2): error TS1005: 'try' expected.
server.ts(2993,4): error TS1128: Declaration or statement expected.
server.ts(3008,4): error TS1128: Declaration or statement expected.
server.ts(3026,1): error TS1005: ',' expected.
server.ts(3039,1): error TS1005: ',' expected.
server.ts(3069,2): error TS1005: 'try' expected.
server.ts(3079,1): error TS1136: Property assignment expected.
server.ts(3090,6): error TS1128: Declaration or statement expected.
server.ts(3092,6): error TS1128: Declaration or statement expected.
server.ts(3104,1): error TS1136: Property assignment expected.
server.ts(3112,1): error TS1136: Property assignment expected.
server.ts(3126,4): error TS1128: Declaration or statement expected.
server.ts(3140,4): error TS1128: Declaration or statement expected.
server.ts(3161,4): error TS1128: Declaration or statement expected.
server.ts(3187,1): error TS1136: Property assignment expected.
server.ts(3188,4): error TS1128: Declaration or statement expected.
server.ts(3200,4): error TS1128: Declaration or statement expected.
server.ts(3206,4): error TS1128: Declaration or statement expected.
server.ts(3237,1): error TS1136: Property assignment expected.
server.ts(3255,6): error TS1128: Declaration or statement expected.
server.ts(3273,3): error TS1005: ',' expected.
server.ts(3281,3): error TS1005: ',' expected.
server.ts(3282,2): error TS1005: 'try' expected.
server.ts(3286,4): error TS1128: Declaration or statement expected.
server.ts(3298,4): error TS1128: Declaration or statement expected.
server.ts(3388,2): error TS1005: 'try' expected.
server.ts(3392,4): error TS1128: Declaration or statement expected.
server.ts(3410,4): error TS1128: Declaration or statement expected.
server.ts(3435,1): error TS1005: ',' expected.
server.ts(3439,4): error TS1128: Declaration or statement expected.
server.ts(3477,4): error TS1128: Declaration or statement expected.
server.ts(3492,3): error TS1005: ',' expected.
server.ts(3503,3): error TS1005: ',' expected.
server.ts(3521,3): error TS1005: ',' expected.
server.ts(3522,2): error TS1005: 'try' expected.
server.ts(3526,4): error TS1128: Declaration or statement expected.
server.ts(3551,2): error TS1005: 'try' expected.
server.ts(3555,4): error TS1128: Declaration or statement expected.
server.ts(3565,4): error TS1128: Declaration or statement expected.
server.ts(3574,4): error TS1128: Declaration or statement expected.
server.ts(3583,4): error TS1128: Declaration or statement expected.
server.ts(3615,1): error TS1128: Declaration or statement expected.
server.ts(3622,1): error TS1005: ',' expected.
server.ts(3637,1): error TS1128: Declaration or statement expected.
server.ts(3653,1): error TS1005: ',' expected.
server.ts(3654,4): error TS1128: Declaration or statement expected.
server.ts(3698,6): error TS1128: Declaration or statement expected.
server.ts(3714,5): error TS1005: ',' expected.
server.ts(3715,3): error TS1128: Declaration or statement expected.
server.ts(3718,2): error TS1005: 'try' expected.
server.ts(3722,4): error TS1128: Declaration or statement expected.
server.ts(3775,2): error TS1005: 'try' expected.
server.ts(3779,4): error TS1128: Declaration or statement expected.
server.ts(3796,1): error TS1005: ',' expected.
server.ts(3799,4): error TS1128: Declaration or statement expected.
server.ts(3822,5): error TS1136: Property assignment expected.
server.ts(3828,5): error TS1005: ',' expected.
server.ts(3829,3): error TS1128: Declaration or statement expected.
server.ts(3833,4): error TS1128: Declaration or statement expected.
server.ts(3861,4): error TS1128: Declaration or statement expected.
server.ts(3902,6): error TS1128: Declaration or statement expected.
server.ts(3942,3): error TS1005: ',' expected.
server.ts(3961,1): error TS1005: ',' expected.
server.ts(3964,4): error TS1128: Declaration or statement expected.
server.ts(3976,3): error TS1005: ',' expected.
server.ts(3978,2): error TS1005: 'try' expected.
server.ts(3987,3): error TS1005: ',' expected.
server.ts(3989,4): error TS1128: Declaration or statement expected.
server.ts(4001,12): error TS1005: ',' expected.
server.ts(4011,1): error TS1005: ',' expected.
server.ts(4015,4): error TS1128: Declaration or statement expected.
server.ts(4034,1): error TS1005: ',' expected.
server.ts(4053,1): error TS1005: ',' expected.
server.ts(4082,3): error TS1005: ',' expected.
server.ts(4091,4): error TS1128: Declaration or statement expected.
server.ts(4110,3): error TS1005: ',' expected.
server.ts(4113,4): error TS1128: Declaration or statement expected.
server.ts(4151,1): error TS1005: ',' expected.
server.ts(4155,4): error TS1128: Declaration or statement expected.
server.ts(4194,4): error TS1128: Declaration or statement expected.
server.ts(4210,3): error TS1005: ',' expected.
server.ts(4213,4): error TS1128: Declaration or statement expected.
server.ts(4261,4): error TS1128: Declaration or statement expected.
server.ts(4273,1): error TS1136: Property assignment expected.
server.ts(4280,1): error TS1128: Declaration or statement expected.
server.ts(4291,1): error TS1005: '}' expected.
